// Jest Snapshot v1, https://goo.gl/fbAQLP

exports[`FAQPosition should display in the document with correct styles 1`] = `
.c0 {
  padding: 1rem 0.5rem;
  width: 100%;
  min-height: 5rem;
  border-top: 1px solid #446DF644;
}

.c0 img {
  display: block;
  margin: 0 auto;
  width: 50%;
  min-width: 20rem;
}

.c1 {
  width: 100%;
  font-size: 20px;
  color: #8F8F8F;
  cursor: pointer;
}

.c1 * {
  margin: 1rem;
}

<div
  class="c0"
>
  <h5
    class="c1"
  >
    <span>
      +
    </span>
    <span>
      TestFAQ title
    </span>
  </h5>
</div>
`;
