// Jest Snapshot v1, https://goo.gl/fbAQLP

exports[`Button should display in the document with correct styles 1`] = `
.c0 {
  padding: 0.8rem 1rem;
  width: 16rem;
  font-size: inherit;
  text-align: left;
  color: #FFFFFF;
  background-color: #446DF6;
  border: none;
  outline: none;
  border-radius: 0.5rem;
  cursor: pointer;
  -webkit-transition: 0.25s -webkit-transform;
  -webkit-transition: 0.25s transform;
  transition: 0.25s transform;
}

.c0:hover,
.c0:active {
  -webkit-transform: translateX(2px);
  -ms-transform: translateX(2px);
  transform: translateX(2px);
}

.c0:disabled {
  opacity: 0.5;
  cursor: not-allowed;
}

.c0::first-letter {
  text-transform: uppercase;
}

@media (max-width:767px) {
  .c0 {
    width: 100%;
  }
}

<button
  class="c0"
/>
`;
