// Jest Snapshot v1, https://goo.gl/fbAQLP

exports[`UserInfo should render in the document with correct styles 1`] = `
.c0 {
  display: -webkit-box;
  display: -webkit-flex;
  display: -ms-flexbox;
  display: flex;
  -webkit-align-items: center;
  -webkit-box-align: center;
  -ms-flex-align: center;
  align-items: center;
  height: 100%;
}

.c2 {
  width: -webkit-fit-content;
  width: -moz-fit-content;
  width: fit-content;
  font-size: 14px;
  color: #446DF6;
}

.c1 {
  height: 1.4rem;
  fill: #446DF6;
}

<div
  class="c0"
>
  <svg
    class="c1"
  >
    user-icon.svg
  </svg>
  <span
    class="c2"
  >
    testuser
  </span>
</div>
`;
